\BOOKMARK [-1][-]{part.1}{\376\377\173\054\116\000\220\350\122\006\000\040\230\204\131\007}{}% 1
\BOOKMARK [0][-]{chapter.1}{\376\377\213\260\123\367\060\001\147\057\213\355\116\016\127\372\147\054\116\213\133\236}{part.1}% 2
\BOOKMARK [1][-]{section.1.1}{\376\377\226\306\145\317}{chapter.1}% 3
\BOOKMARK [1][-]{section.1.2}{\376\377\172\172\225\364\116\016\211\206\166\326}{chapter.1}% 4
\BOOKMARK [1][-]{section.1.3}{\376\377\121\205\220\350\117\335\143\001\145\317\116\016\123\112\137\000\211\206\166\326}{chapter.1}% 5
\BOOKMARK [1][-]{section.1.4}{\376\377\121\375\145\160\137\000\226\306}{chapter.1}% 6
\BOOKMARK [0][-]{chapter.2}{\376\377\137\061\211\206\166\326\140\047\215\050}{part.1}% 7
\BOOKMARK [0][-]{chapter.3}{\376\377\123\357\142\151\127\213\172\172\225\364}{part.1}% 8
\BOOKMARK [-1][-]{part.2}{\376\377\173\054\116\214\220\350\122\006\000\040\116\377\175\047\116\016\153\041\116\232\175\047\172\172\225\364}{}% 9
\BOOKMARK [0][-]{chapter.4}{\376\377\153\041\116\232\175\047\172\172\225\364}{part.2}% 10
\BOOKMARK [1][-]{section.4.1}{\376\377\153\041\116\377\175\047\172\172\225\364}{chapter.4}% 11
\BOOKMARK [1][-]{section.4.2}{\376\377\133\214\156\341\153\143\211\304\172\172\225\364}{chapter.4}% 12
\BOOKMARK [1][-]{section.4.3}{\376\377\153\143\211\304\000\040\137\072\116\377\175\047\172\172\225\364}{chapter.4}% 13
\BOOKMARK [0][-]{chapter.5}{\376\377\116\232\175\047\172\172\225\364}{part.2}% 14
\BOOKMARK [1][-]{section.5.1}{\376\377\153\041\116\377\175\047\172\172\225\364}{chapter.5}% 15
\BOOKMARK [1][-]{section.5.2}{\376\377\133\214\156\341\153\143\211\304\172\172\225\364}{chapter.5}% 16
\BOOKMARK [1][-]{section.5.3}{\376\377\153\143\211\304\000\040\137\072\116\377\175\047\172\172\225\364}{chapter.5}% 17
\BOOKMARK [0][-]{chapter.6}{\376\377\116\377\175\047\172\172\225\364}{part.2}% 18
\BOOKMARK [1][-]{section.6.1}{\376\377\153\143\211\304\000\040\137\072\116\377\175\047\172\172\225\364}{chapter.6}% 19
\BOOKMARK [-1][-]{part.3}{\376\377\173\054\116\011\220\350\122\006\000\040\153\143\211\304\211\206\166\326\116\016\226\306\117\123\153\143\211\304\172\172\225\364}{}% 20
\BOOKMARK [0][-]{chapter.7}{\376\377\153\143\211\304\211\206\166\326}{part.3}% 21
\BOOKMARK [1][-]{section.7.1}{\376\377\153\041\116\377\175\047\172\172\225\364}{chapter.7}% 22
\BOOKMARK [1][-]{section.7.2}{\376\377\133\214\156\341\153\143\211\304\172\172\225\364}{chapter.7}% 23
\BOOKMARK [1][-]{section.7.3}{\376\377\153\143\211\304\000\040\137\072\116\377\175\047\172\172\225\364}{chapter.7}% 24
\BOOKMARK [0][-]{chapter.8}{\376\377\226\306\117\123\153\143\211\304\172\172\225\364}{part.3}% 25
\BOOKMARK [1][-]{section.8.1}{\376\377\153\041\116\377\175\047\172\172\225\364}{chapter.8}% 26
\BOOKMARK [1][-]{section.8.2}{\376\377\133\214\156\341\153\143\211\304\172\172\225\364}{chapter.8}% 27
\BOOKMARK [1][-]{section.8.3}{\376\377\153\143\211\304\000\040\137\072\116\377\175\047\172\172\225\364}{chapter.8}% 28
\BOOKMARK [-1][-]{part.4}{\376\377\173\054\126\333\220\350\122\006\000\040\133\214\156\341\153\143\211\304\116\016\153\041\116\377\175\047\172\172\225\364}{}% 29
\BOOKMARK [0][-]{chapter.9}{\376\377\153\041\116\377\175\047\172\172\225\364}{part.4}% 30
\BOOKMARK [1][-]{section.9.1}{\376\377\153\041\116\377\175\047\172\172\225\364}{chapter.9}% 31
\BOOKMARK [1][-]{section.9.2}{\376\377\133\214\156\341\153\143\211\304\172\172\225\364}{chapter.9}% 32
\BOOKMARK [1][-]{section.9.3}{\376\377\153\143\211\304\000\040\137\072\116\377\175\047\172\172\225\364}{chapter.9}% 33
\BOOKMARK [0][-]{chapter.10}{\376\377\133\214\156\341\153\143\211\304\172\172\225\364}{part.4}% 34
\BOOKMARK [1][-]{section.10.1}{\376\377\153\041\116\377\175\047\172\172\225\364}{chapter.10}% 35
\BOOKMARK [1][-]{section.10.2}{\376\377\133\214\156\341\153\143\211\304\172\172\225\364}{chapter.10}% 36
\BOOKMARK [1][-]{section.10.3}{\376\377\153\143\211\304\000\040\137\072\116\377\175\047\172\172\225\364}{chapter.10}% 37
\BOOKMARK [0][-]{chapter.11}{\376\377\153\143\211\304\000\040\137\072\116\377\175\047\172\172\225\364}{part.4}% 38
\BOOKMARK [1][-]{section.11.1}{\376\377\153\041\116\377\175\047\172\172\225\364}{chapter.11}% 39
\BOOKMARK [1][-]{section.11.2}{\376\377\133\214\156\341\153\143\211\304\172\172\225\364}{chapter.11}% 40
\BOOKMARK [1][-]{section.11.3}{\376\377\153\143\211\304\000\040\137\072\116\377\175\047\172\172\225\364}{chapter.11}% 41
\BOOKMARK [0][-]{chapter*.3}{\376\377\124\015\213\315\175\042\137\025}{part.4}% 42
